// Jest Snapshot v1, https://goo.gl/fbAQLP

exports[`should render an entry list 1`] = `
<div>
  <ul />
</div>
`;
