// Jest Snapshot v1, https://goo.gl/fbAQLP

exports[`should render footer component 1`] = `
<div>
  <footer>
    <p>
      Jank Guestbook made by yours truly
    </p>
  </footer>
</div>
`;
